src/components/shared/CommandPalette.tsx(1,42): error TS6133: 'useEffect' is declared but its value is never read.
src/components/shared/CommandPalette.tsx(13,3): error TS6133: 'Search' is declared but its value is never read.
